2025-09-06 20:59:56 - [32minfo[39m: Creating configuration file...
2025-09-06 20:59:56 - [34mdebug[39m: requireModuleV3 :: module - @playwright/test/package.json, package - @playwright/test
2025-09-06 20:59:56 - [34mdebug[39m: Resolved from resolveModuleV3 :: Path - /Users/michaelnashed/Desktop/Development/PlaywrightBaseProject/project-root/Playwright-testing-framework/node_modules/@playwright/test/package.json
2025-09-06 20:59:56 - [34mdebug[39m: requireModuleV3 :: module - selenium-webdriver/package.json, package - selenium-webdriver
2025-09-06 20:59:56 - [34mdebug[39m: Unable to resolve module with requireModuleV3 with error: Error: Cannot find module 'selenium-webdriver'
Require stack:
- /Users/michaelnashed/Desktop/Development/PlaywrightBaseProject/project-root/Playwright-testing-framework/node_modules/browserstack-node-sdk/src/helpers/helper.js
- /Users/michaelnashed/Desktop/Development/PlaywrightBaseProject/project-root/Playwright-testing-framework/node_modules/browserstack-node-sdk/src/bin/setup.js
2025-09-06 20:59:56 - [34mdebug[39m: requireModuleV2 :: module - selenium-webdriver/package.json, package - selenium-webdriver
2025-09-06 20:59:56 - [34mdebug[39m: Getting selenium-webdriver/package.json from /Users/michaelnashed/Desktop/Development/PlaywrightBaseProject/project-root/Playwright-testing-framework
2025-09-06 20:59:56 - [34mdebug[39m: selenium-webdriver/package.json doesn't exist at /Users/michaelnashed/Desktop/Development/PlaywrightBaseProject/project-root/Playwright-testing-framework
2025-09-06 20:59:56 - [34mdebug[39m: Getting selenium-webdriver/package.json from path /Users/michaelnashed/Desktop/Development/PlaywrightBaseProject/project-root/Playwright-testing-framework
2025-09-06 20:59:56 - [34mdebug[39m: Getting selenium-webdriver/package.json from null
2025-09-06 20:59:56 - [34mdebug[39m: Error while loading package. Error: selenium-webdriver/package.json doesn't exist.
2025-09-06 20:59:56 - [34mdebug[39m: requireModuleV3 :: module - selenium-webdriver/package.json, package - selenium-webdriver
2025-09-06 20:59:56 - [34mdebug[39m: Unable to resolve module with requireModuleV3 with error: Error: Cannot find module 'selenium-webdriver'
Require stack:
- /Users/michaelnashed/Desktop/Development/PlaywrightBaseProject/project-root/Playwright-testing-framework/node_modules/browserstack-node-sdk/src/helpers/helper.js
- /Users/michaelnashed/Desktop/Development/PlaywrightBaseProject/project-root/Playwright-testing-framework/node_modules/browserstack-node-sdk/src/bin/setup.js
2025-09-06 20:59:56 - [34mdebug[39m: requireModuleV2 :: module - selenium-webdriver/package.json, package - selenium-webdriver
2025-09-06 20:59:56 - [34mdebug[39m: Getting selenium-webdriver/package.json from /Users/michaelnashed/Desktop/Development/PlaywrightBaseProject/project-root/Playwright-testing-framework
2025-09-06 20:59:56 - [34mdebug[39m: selenium-webdriver/package.json doesn't exist at /Users/michaelnashed/Desktop/Development/PlaywrightBaseProject/project-root/Playwright-testing-framework
2025-09-06 20:59:56 - [34mdebug[39m: Getting selenium-webdriver/package.json from path /Users/michaelnashed/Desktop/Development/PlaywrightBaseProject/project-root/Playwright-testing-framework
2025-09-06 20:59:56 - [34mdebug[39m: Getting selenium-webdriver/package.json from null
2025-09-06 20:59:56 - [34mdebug[39m: Error while loading package. Error: selenium-webdriver/package.json doesn't exist.
2025-09-06 20:59:56 - [34mdebug[39m: Firing SDK event for funnel data: {"userName":"[REDACTED]","accessKey":"[REDACTED]","event_type":"SDKSetup","detectedFramework":"","optimalHubUrl":[],"event_properties":{"testhub_uuid":"","product_map":{"observability":true,"accessibility":false,"percy":false,"automate":true,"app_automate":false,"central_scanner":false,"lcnc":false},"productMap":{"observability":true,"accessibility":false,"percy":false,"automate":true,"app_automate":false,"central_scanner":false,"lcnc":false},"language_framework":"node-setup","referrer":"nodeagent/1.42.3","frameworkVersion":null,"automationFramework":"selenium","automationFrameworkVersion":null,"language":"nodejs","languageVersion":"v20.19.0","product":["automate","observability"],"buildName":"browserstack build","buildIdentifier":"#${BUILD_NUMBER}","os":"Darwin","hostname":"Michaels-MacBook-Pro-2.local","seleniumVersion":null}}
2025-09-06 20:59:56 - [32minfo[39m: Adding new script(s) in package.json...
2025-09-06 20:59:56 - [32minfo[39m: Setup completed
2025-09-06 20:59:56 - [34mdebug[39m: Sending request to https://api.browserstack.com/sdk/v1/event
2025-09-06 20:59:56 - [34mdebug[39m: Error in firing request to sdk/v1/event : { message: 'Unauthorized' }
